40 jobs
p01-bundle-hash-off-1 ok=True attempts=1 cost=$0.183
p01-bundle-hash-on-1 ok=True attempts=1 cost=$0.196
p01-bundle-hash-off-2 ok=True attempts=1 cost=$0.185
p01-bundle-hash-on-2 ok=True attempts=1 cost=$0.197
p02-partial-invalid-off-1 ok=True attempts=1 cost=$0.180
p02-partial-invalid-on-1 ok=True attempts=1 cost=$0.206
p02-partial-invalid-off-2 ok=True attempts=1 cost=$0.017
p02-partial-invalid-on-2 ok=True attempts=1 cost=$0.209
p03-runlog-enum-off-1 ok=True attempts=1 cost=$0.179
p03-runlog-enum-on-1 ok=True attempts=1 cost=$0.199
p03-runlog-enum-off-2 ok=True attempts=1 cost=$0.014
p03-runlog-enum-on-2 ok=True attempts=1 cost=$0.196
p04-exec-guard-off-1 skip
p04-exec-guard-on-1 skip
p04-exec-guard-off-2 ok=True attempts=1 cost=$0.013
p04-exec-guard-on-2 ok=True attempts=1 cost=$0.195
p05-reset-off-1 ok=True attempts=1 cost=$0.180
p05-reset-on-1 ok=True attempts=1 cost=$0.170
p05-reset-off-2 ok=True attempts=1 cost=$0.015
p05-reset-on-2 ok=True attempts=1 cost=$0.171
p06-rewrite-both-off-1 ok=True attempts=1 cost=$0.178
p06-rewrite-both-on-1 ok=True attempts=1 cost=$0.174
p06-rewrite-both-off-2 ok=True attempts=1 cost=$0.184
p06-rewrite-both-on-2 ok=True attempts=1 cost=$0.170
p07-advisory-pass-off-1 ok=True attempts=1 cost=$0.181
p07-advisory-pass-on-1 ok=True attempts=1 cost=$0.172
p07-advisory-pass-off-2 ok=True attempts=1 cost=$0.018
p07-advisory-pass-on-2 ok=True attempts=1 cost=$0.172
p08-must-code-block-off-1 ok=True attempts=1 cost=$0.180
p08-must-code-block-on-1 ok=True attempts=1 cost=$0.172
p08-must-code-block-off-2 ok=True attempts=1 cost=$0.015
p08-must-code-block-on-2 ok=True attempts=1 cost=$0.170
p09-must-e1-off-1 ok=True attempts=1 cost=$0.179
p09-must-e1-on-1 ok=True attempts=1 cost=$0.170
p09-must-e1-off-2 ok=True attempts=1 cost=$0.184
p09-must-e1-on-2 ok=True attempts=1 cost=$0.170
p10-must-terminology-off-1 ok=True attempts=1 cost=$0.179
p10-must-terminology-on-1 ok=True attempts=1 cost=$0.170
p10-must-terminology-off-2 ok=True attempts=1 cost=$0.178
p10-must-terminology-on-2 ok=True attempts=1 cost=$0.170
